class    Abs 33-33
class    Svc 21-32
function "mod".mf 38-38
function Comp.Comp 46-46
function NS.nf 39-39
function default 20-20
function overload 49-49
function overload 50-50
function overload 51-51
function setup 43-43
function top 3-8
function top.inner 5-5
method   Abs.am 33-33
method   I.meth 34-34
method   Svc.#priv 31-31
method   Svc.constructor 26-26
method   Svc.g 27-27
method   Svc.g 28-28
method   Svc.method 29-29
method   Svc.stat 30-30
method   cls.m 48-48
method   obj.m 12-12
method   obj.nested.deep 16-16
method   obj.p 13-13
method   obj.q 14-14
module   "mod" 38-38
module   NS 39-39
type     E 37-37
type     I 34-34
variable Comp 46-46
variable E.A 37-37
variable E.B 37-37
variable I.() 34-34
variable NS.nv 39-39
variable T 35-35
variable U 36-36
variable a1 18-18
variable arrow 9-9
variable b1 18-18
variable cls 48-48
variable d1 19-19
variable e1 19-19
variable fnExpr 10-10
variable obj 11-17
variable wrapped 47-47
