class    Decorated 16-17
class    Field 8-13
function ArrowWithLocals.nestedFn 4-4
function Field.handler.inFieldFn 9-9
function blockFn 28-28
function gen 26-26
function inAnon 21-21
function namedCb 20-20
function outer 23-23
function outer.returned 23-23
method   Field."quoted-method" 11-11
method   Field.[Symbol.iterator] 10-10
method   keys."quoted-key" 14-14
module   A.B.C 15-15
variable A.B.C.abc 15-15
variable ArrowWithLocals 2-7
variable ArrowWithLocals.loc 3-3
variable ArrowWithLocals.nestedArrow 5-5
variable ArrowWithLocals.nestedArrow.deeper 5-5
variable Field.[] 12-12
variable Field.handler.inField 9-9
variable blockConst 28-28
variable default 1-1
variable keys 14-14
variable loopVar 27-27
variable multi 18-19
variable reassigned 24-24
variable veryLongCallbackHolder 22-22
