class    Ctor 7-10
class    el.node 12-18
function Ctor.make 10-10
function Ctor.method 8-8
function arrowHelper 4-4
function arrowHelper.arrowHelper 4-4
function el 11-20
function foo 5-5
function helper 3-3
function helper.helper 3-3
method   <unknown>.run 2-2
method   Ctor.a 9-9
method   Ctor.constructor 7-7
method   el.node.constructor 12-15
method   el.node.constructor.getAttribute 14-14
method   el.node.textContent.get 17-17
variable <unknown> 2-2
variable Migration 22-24
variable migrate 27-29
variable x 1-1
