class    Loader 2-8
function [key] 22-22
function picked.pick 21-21
function withUsing 18-20
method   Loader.handle 6-7
method   Loader.rows 3-5
method   default.enhance 23-23
method   withUsing.server.fetch 19-19
module   global 24-26
type     global.Window 25-25
variable default 23-23
variable export= 27-27
variable fetchAll 15-17
variable fetchAll.entity 15-15
variable fetchAll.local 16-16
variable fetchAll.ref 15-15
variable fetchAll.rest 15-15
variable picked 21-21
variable runTasks 9-14
variable runTasks.queue 13-13
