class    Svc 19-39
class    Svc.Inner 37-39
function f 46-47
function outer 68-70
function ov 77-78
function top 10-16
function top.inner 14-15
method   Svc.Inner.im 38-39
method   Svc.__init__ 25-27
method   Svc.prop 29-31
method   Svc.stat 33-35
variable CONST 3-3
variable G 70-70
variable Svc.__slots__ 21-21
variable Svc.attr 22-22
variable Svc.r 26-26
variable Svc.slot_a 27-27
variable Svc.typed_attr 23-23
variable _ERR 56-56
variable a 4-4
variable b 4-4
variable exc 52-52
variable fh 58-58
variable i 61-61
variable loop_var 62-62
variable m 64-64
variable typed 5-5
variable x 6-6
